// Jest Snapshot v1, https://goo.gl/fbAQLP

exports[`send form to request password it sends form with successful response 1`] = `
{
  "body": "{"email":"email@user.com"}",
  "headers": {
    "Accept": "application/vnd.api+json",
    "Authorization": StringMatching /\\^Bearer \\.\\+\\$/,
    "Content-Type": "application/vnd.api+json",
  },
  "method": "POST",
}
`;
